// Jest Snapshot v1, https://goo.gl/fbAQLP

exports[`test 1 1`] = `
.a {
  font-size: 16px;
}

.b {
  color: red;
}

<div
  className="a b"
>
  Test
</div>
`;
